6.726
4.977
-4.487
-3.448
-3.111
2.917
-2.437
2.309
-2.091
-2.000
-1.688
1.486
1.453
-1.444
-1.192
1.083
-1.042
1.031
0.834
-0.792
0.616
0.414
-0.424
0.299
0.011
0.000
0.000
0.000
0.000
0.000
0.000
0.000
0.000
0.000
