6.7256945586
4.9770716542
-4.4872368046
-3.4479348580
-3.1106909167
2.9165049827
-2.4374264786
2.3090857388
-2.0908250935
-2.0000000003
-1.6876894475
1.4861579853
1.4530543577
-1.4440766452
-1.1924242458
1.0832854297
-1.0420888535
1.0314453773
0.8343093313
-0.7924078793
0.6158403291
0.4197290878
-0.4188195173
0.2994106852
0.0000085613
0.0000047973
0.0000040660
0.0000037748
0.0000028850
0.0000028816
0.0000019590
0.0000015700
0.0000008368
-0.0000006875
