18.1366959730
17.0551711910
13.3061223128
10.9210675301
9.7772409528
6.9961970331
6.5155446280
6.3315922237
5.6180339887
5.3785950777
4.5807926680
4.4800076710
4.2758768201
3.4721873997
3.3819660113
3.3761540929
3.2420674774
3.0139629663
2.7491571753
2.4870917345
2.0000000000
2.0000000000
2.0000000000
2.0000000000
2.0000000000
1.9550504473
1.8260552098
1.7618986211
1.5992830754
1.2594041101
1.1250107182
0.9092476638
0.4685252267
-0.0000000000
