0.4196824210 0.4342892880 0.5501517124 
0.5358518748 0.1897279835 -0.5985381026 
0.7326182047 -0.8805657878 -0.5823102550 
