-0.8846028894 -0.2260752517 -0.4170400399 
-0.3507914714 -0.2732803209 0.8945809843 
0.3072833734 -0.9349908271 -0.1606314652 
