0.8845570749 0.2205771691 -0.4109799188 
0.3491566823 0.2710946595 0.8969934765 
-0.3092707429 0.9369383107 -0.1627827065 
